[2026/07/14 20:38:04.466] Common LOG START
[2026/07/14 20:38:04.466] ClientSer LOG START
[2026/07/14 20:38:04.466] PubSub LOG START
[2026/07/14 20:38:04.466] Common LOG LEVEL SET TO 'INFO'
[2026/07/14 20:38:04.466] ClientSer LOG LEVEL SET TO 'INFO'
[2026/07/14 20:38:04.466] PubSub LOG LEVEL SET TO 'INFO'
[2026/07/14 20:38:04.467] Common LOG LEVEL SET TO 'INFO'
[2026/07/14 20:38:04.467] ClientSer LOG LEVEL SET TO 'INFO'
[2026/07/14 20:38:04.467] PubSub LOG LEVEL SET TO 'INFO'
[2026/07/14 20:38:04.467] ClientSer Common library DATE='2026-07-14' VERSION='1.7.3*' SIGNATURE='863e67bd0e31523352138c713d1e1b414e7bbb6f' DOCKER=''
[2026/07/14 20:38:04.467] ClientSer Client/Server toolkit library DATE='2026-07-14' VERSION='1.7.3*' SIGNATURE='863e67bd0e31523352138c713d1e1b414e7bbb6f' DOCKER=''
[2026/07/14 20:38:04.467] Common LOG LEVEL SET TO 'INFO'
[2026/07/14 20:38:04.467] ClientSer LOG LEVEL SET TO 'INFO'
[2026/07/14 20:38:04.467] PubSub LOG LEVEL SET TO 'INFO'
[2026/07/14 20:38:04.467] ClientSer (Warning) No client PKI configured
[2026/07/14 20:38:04.467] ClientSer (Warning) No client certificate/key configured
[2026/07/14 20:38:04.467] ClientSer Connected to [127.0.0.1]:4841 with socket socketIdx=1
[2026/07/14 20:38:04.468] ClientSer Closed connection on [127.0.0.1]:4841 with socket socketIdx=1
[2026/07/14 20:38:04.468] ClientSer (Warning) No client PKI configured
[2026/07/14 20:38:04.468] ClientSer (Warning) No client certificate/key configured
[2026/07/14 20:38:04.468] ClientSer Connected to [127.0.0.1]:4841 with socket socketIdx=1
[2026/07/14 20:38:04.470] ClientSer msg_session_bs__create_session_resp_check_server_endpoints: no endpoint description in channel config 2 with the security policy http://opcfoundation.org/UA/SecurityPolicy#None
[2026/07/14 20:38:04.470] ClientSer Session activated.
[2026/07/14 20:38:04.470] ClientSer Creating subscription using provided request.
[2026/07/14 20:38:04.471] ClientSer Subscription 1 created.
[2026/07/14 20:38:04.471] ClientSer Adding publish token.
[2026/07/14 20:38:04.471] ClientSer Adding publish token.
[2026/07/14 20:38:04.471] ClientSer Adding publish token.
[2026/07/14 20:38:04.973] ClientSer PublishResponse received.
[2026/07/14 20:38:04.973] ClientSer Adding publish token.
[2026/07/14 20:38:04.981] ClientSer Closed connection on [127.0.0.1]:4841 with socket socketIdx=1
[2026/07/14 20:38:04.982] ClientSer Dispatching event SE_SND_REQUEST_FAILED (PublishRequest)
[2026/07/14 20:38:04.982] ClientSer Adding publish token.
[2026/07/14 20:38:04.982] ClientSer Dispatching event SE_SND_REQUEST_FAILED (PublishRequest)
[2026/07/14 20:38:04.982] ClientSer Adding publish token.
[2026/07/14 20:38:04.982] ClientSer Dispatching event SE_SND_REQUEST_FAILED (PublishRequest)
[2026/07/14 20:38:04.982] ClientSer Adding publish token.
[2026/07/14 20:38:04.982] ClientSer (Error) Received unexpected message or event 'SE_SESSION_REACTIVATING' in state 'stActivated', switching to error state
[2026/07/14 20:38:04.982] ClientSer Closing the connection because of the previous error.
[2026/07/14 20:38:04.982] ClientSer Dispatching event SE_SND_REQUEST_FAILED (PublishRequest)
[2026/07/14 20:38:04.982] ClientSer (Warning) ServicesMgr: APP_TO_SE_SEND_SESSION_REQUEST failed session=20 msgType=PublishRequest ctx=139712467570944
[2026/07/14 20:38:04.982] ClientSer (Warning) ServicesMgr: APP_TO_SE_SEND_SESSION_REQUEST failed session=20 msgType=PublishRequest ctx=139712467570848
[2026/07/14 20:38:04.982] ClientSer (Warning) ServicesMgr: APP_TO_SE_SEND_SESSION_REQUEST failed session=20 msgType=PublishRequest ctx=139712467570816
[2026/07/14 20:38:04.982] ClientSer (Error) ServicesMgr: APP_TO_SE_CLOSE_SESSION failed session=20
[2026/07/14 20:38:04.982] ClientSer Dispatching event SE_SND_REQUEST_FAILED (PublishRequest)
[2026/07/14 20:38:04.982] ClientSer Dispatching event SE_SND_REQUEST_FAILED (PublishRequest)
[2026/07/14 20:38:04.982] ClientSer (Error) Received unexpected message or event 'SE_SESSION_ACTIVATION_FAILURE' in state 'stClosingSession', switching to error state
[2026/07/14 20:38:04.982] ClientSer Closing the connection because of the previous error.
