[2026/07/14 20:35:10.249] Common LOG START
[2026/07/14 20:35:10.249] ClientSer LOG START
[2026/07/14 20:35:10.249] PubSub LOG START
[2026/07/14 20:35:10.249] Common LOG LEVEL SET TO 'INFO'
[2026/07/14 20:35:10.249] ClientSer LOG LEVEL SET TO 'INFO'
[2026/07/14 20:35:10.249] PubSub LOG LEVEL SET TO 'INFO'
[2026/07/14 20:35:10.249] Common LOG LEVEL SET TO 'INFO'
[2026/07/14 20:35:10.249] ClientSer LOG LEVEL SET TO 'INFO'
[2026/07/14 20:35:10.249] PubSub LOG LEVEL SET TO 'INFO'
[2026/07/14 20:35:10.249] ClientSer Common library DATE='2026-07-14' VERSION='1.7.3*' SIGNATURE='863e67bd0e31523352138c713d1e1b414e7bbb6f' DOCKER=''
[2026/07/14 20:35:10.249] ClientSer Client/Server toolkit library DATE='2026-07-14' VERSION='1.7.3*' SIGNATURE='863e67bd0e31523352138c713d1e1b414e7bbb6f' DOCKER=''
[2026/07/14 20:35:10.249] Common LOG LEVEL SET TO 'INFO'
[2026/07/14 20:35:10.250] ClientSer LOG LEVEL SET TO 'INFO'
[2026/07/14 20:35:10.250] PubSub LOG LEVEL SET TO 'INFO'
[2026/07/14 20:35:10.250] ClientSer (Warning) No client PKI configured
[2026/07/14 20:35:10.250] ClientSer (Warning) No client certificate/key configured
[2026/07/14 20:35:10.250] ClientSer Connected to [127.0.0.1]:4841 with socket socketIdx=1
[2026/07/14 20:35:10.253] ClientSer msg_session_bs__create_session_resp_check_server_endpoints: no endpoint description in channel config 1 with the security policy http://opcfoundation.org/UA/SecurityPolicy#None
[2026/07/14 20:35:10.253] ClientSer (Error) Session activation failed with status code 0x80200000
[2026/07/14 20:35:10.253] ClientSer (Error) Received unexpected message or event 'SE_SESSION_ACTIVATION_FAILURE' in state 'stActivating', switching to error state
[2026/07/14 20:35:10.253] ClientSer Closing the connection because of the previous error.
[2026/07/14 20:35:10.254] ClientSer Closed connection on [127.0.0.1]:4841 with socket socketIdx=1
