[2026/07/14 20:22:37.232] Common LOG START
[2026/07/14 20:22:37.232] ClientSer LOG START
[2026/07/14 20:22:37.232] PubSub LOG START
[2026/07/14 20:22:37.232] Common LOG LEVEL SET TO 'INFO'
[2026/07/14 20:22:37.232] ClientSer LOG LEVEL SET TO 'INFO'
[2026/07/14 20:22:37.232] PubSub LOG LEVEL SET TO 'INFO'
[2026/07/14 20:22:37.233] Common LOG LEVEL SET TO 'INFO'
[2026/07/14 20:22:37.233] ClientSer LOG LEVEL SET TO 'INFO'
[2026/07/14 20:22:37.233] PubSub LOG LEVEL SET TO 'INFO'
[2026/07/14 20:22:37.233] ClientSer Common library DATE='2026-07-14' VERSION='1.7.3*' SIGNATURE='863e67bd0e31523352138c713d1e1b414e7bbb6f' DOCKER=''
[2026/07/14 20:22:37.233] ClientSer Client/Server toolkit library DATE='2026-07-14' VERSION='1.7.3*' SIGNATURE='863e67bd0e31523352138c713d1e1b414e7bbb6f' DOCKER=''
[2026/07/14 20:22:37.233] Common LOG LEVEL SET TO 'INFO'
[2026/07/14 20:22:37.233] ClientSer LOG LEVEL SET TO 'INFO'
[2026/07/14 20:22:37.233] PubSub LOG LEVEL SET TO 'INFO'
[2026/07/14 20:22:37.233] ClientSer (Warning) No client PKI configured
[2026/07/14 20:22:37.233] ClientSer (Warning) No client certificate/key configured
[2026/07/14 20:22:37.234] ClientSer Connected to [192.168.1.116]:4841 with socket socketIdx=1
[2026/07/14 20:22:37.237] ClientSer msg_session_bs__create_session_resp_check_server_endpoints: no endpoint description in channel config 1 with the security policy http://opcfoundation.org/UA/SecurityPolicy#None
[2026/07/14 20:22:37.237] ClientSer (Error) Session activation failed with status code 0x80200000
[2026/07/14 20:22:37.237] ClientSer (Error) Received unexpected message or event 'SE_SESSION_ACTIVATION_FAILURE' in state 'stActivating', switching to error state
[2026/07/14 20:22:37.237] ClientSer Closing the connection because of the previous error.
[2026/07/14 20:22:37.237] ClientSer Closed connection on [192.168.1.116]:4841 with socket socketIdx=1
