[2026/07/14 21:13:54.454] Common LOG START
[2026/07/14 21:13:54.454] ClientSer LOG START
[2026/07/14 21:13:54.454] PubSub LOG START
[2026/07/14 21:13:54.454] Common LOG LEVEL SET TO 'INFO'
[2026/07/14 21:13:54.454] ClientSer LOG LEVEL SET TO 'INFO'
[2026/07/14 21:13:54.454] PubSub LOG LEVEL SET TO 'INFO'
[2026/07/14 21:13:54.455] Common LOG LEVEL SET TO 'INFO'
[2026/07/14 21:13:54.455] ClientSer LOG LEVEL SET TO 'INFO'
[2026/07/14 21:13:54.455] PubSub LOG LEVEL SET TO 'INFO'
[2026/07/14 21:13:54.455] ClientSer Common library DATE='2026-07-14' VERSION='1.7.3*' SIGNATURE='863e67bd0e31523352138c713d1e1b414e7bbb6f' DOCKER=''
[2026/07/14 21:13:54.455] ClientSer Client/Server toolkit library DATE='2026-07-14' VERSION='1.7.3*' SIGNATURE='863e67bd0e31523352138c713d1e1b414e7bbb6f' DOCKER=''
[2026/07/14 21:13:54.455] Common LOG LEVEL SET TO 'INFO'
[2026/07/14 21:13:54.455] ClientSer LOG LEVEL SET TO 'INFO'
[2026/07/14 21:13:54.455] PubSub LOG LEVEL SET TO 'INFO'
[2026/07/14 21:13:54.455] ClientSer (Warning) No client PKI configured
[2026/07/14 21:13:54.455] ClientSer (Warning) No client certificate/key configured
[2026/07/14 21:13:54.455] ClientSer Connected to [127.0.0.1]:4841 with socket socketIdx=1
[2026/07/14 21:13:54.456] ClientSer Closed connection on [127.0.0.1]:4841 with socket socketIdx=1
[2026/07/14 21:13:54.456] ClientSer (Warning) No client PKI configured
[2026/07/14 21:13:54.456] ClientSer (Warning) No client certificate/key configured
[2026/07/14 21:13:54.456] ClientSer Connected to [127.0.0.1]:4841 with socket socketIdx=1
[2026/07/14 21:13:54.458] ClientSer msg_session_bs__create_session_resp_check_server_endpoints: no endpoint description in channel config 2 with the security policy http://opcfoundation.org/UA/SecurityPolicy#None
[2026/07/14 21:13:54.459] ClientSer Session activated.
[2026/07/14 21:13:54.459] ClientSer Creating subscription using provided request.
[2026/07/14 21:13:54.459] ClientSer Subscription 1 created.
[2026/07/14 21:13:54.459] ClientSer Adding publish token.
[2026/07/14 21:13:54.459] ClientSer Adding publish token.
[2026/07/14 21:13:54.459] ClientSer Adding publish token.
[2026/07/14 21:13:54.959] ClientSer PublishResponse received.
[2026/07/14 21:13:54.959] ClientSer Adding publish token.
[2026/07/14 21:13:55.459] ClientSer PublishResponse received.
[2026/07/14 21:13:55.459] ClientSer Adding publish token.
[2026/07/14 21:13:55.959] ClientSer PublishResponse received.
[2026/07/14 21:13:55.959] ClientSer Adding publish token.
[2026/07/14 21:13:56.459] ClientSer PublishResponse received.
[2026/07/14 21:13:56.459] ClientSer Adding publish token.
[2026/07/14 21:13:56.959] ClientSer PublishResponse received.
[2026/07/14 21:13:56.959] ClientSer Adding publish token.
[2026/07/14 21:13:57.460] ClientSer PublishResponse received.
[2026/07/14 21:13:57.460] ClientSer Adding publish token.
[2026/07/14 21:13:57.959] ClientSer PublishResponse received.
[2026/07/14 21:13:57.959] ClientSer Adding publish token.
[2026/07/14 21:13:58.459] ClientSer PublishResponse received.
[2026/07/14 21:13:58.459] ClientSer Adding publish token.
[2026/07/14 21:13:58.958] ClientSer PublishResponse received.
[2026/07/14 21:13:58.958] ClientSer Adding publish token.
[2026/07/14 21:13:59.459] ClientSer PublishResponse received.
[2026/07/14 21:13:59.459] ClientSer Adding publish token.
[2026/07/14 21:13:59.958] ClientSer PublishResponse received.
[2026/07/14 21:13:59.958] ClientSer Adding publish token.
