[2026/07/14 21:00:42.510] Common LOG START
[2026/07/14 21:00:42.510] ClientSer LOG START
[2026/07/14 21:00:42.510] PubSub LOG START
[2026/07/14 21:00:42.510] Common LOG LEVEL SET TO 'INFO'
[2026/07/14 21:00:42.510] ClientSer LOG LEVEL SET TO 'INFO'
[2026/07/14 21:00:42.510] PubSub LOG LEVEL SET TO 'INFO'
[2026/07/14 21:00:42.511] Common LOG LEVEL SET TO 'INFO'
[2026/07/14 21:00:42.511] ClientSer LOG LEVEL SET TO 'INFO'
[2026/07/14 21:00:42.511] PubSub LOG LEVEL SET TO 'INFO'
[2026/07/14 21:00:42.511] ClientSer Common library DATE='2026-07-14' VERSION='1.7.3*' SIGNATURE='863e67bd0e31523352138c713d1e1b414e7bbb6f' DOCKER=''
[2026/07/14 21:00:42.511] ClientSer Client/Server toolkit library DATE='2026-07-14' VERSION='1.7.3*' SIGNATURE='863e67bd0e31523352138c713d1e1b414e7bbb6f' DOCKER=''
[2026/07/14 21:00:42.511] Common LOG LEVEL SET TO 'INFO'
[2026/07/14 21:00:42.511] ClientSer LOG LEVEL SET TO 'INFO'
[2026/07/14 21:00:42.511] PubSub LOG LEVEL SET TO 'INFO'
[2026/07/14 21:00:42.511] ClientSer (Warning) No client PKI configured
[2026/07/14 21:00:42.511] ClientSer (Warning) No client certificate/key configured
[2026/07/14 21:00:42.511] ClientSer Connected to [127.0.0.1]:4841 with socket socketIdx=1
[2026/07/14 21:00:42.511] ClientSer Closed connection on [127.0.0.1]:4841 with socket socketIdx=1
[2026/07/14 21:00:42.512] ClientSer (Warning) No client PKI configured
[2026/07/14 21:00:42.512] ClientSer (Warning) No client certificate/key configured
[2026/07/14 21:00:42.512] ClientSer Connected to [127.0.0.1]:4841 with socket socketIdx=1
[2026/07/14 21:00:42.513] ClientSer msg_session_bs__create_session_resp_check_server_endpoints: no endpoint description in channel config 2 with the security policy http://opcfoundation.org/UA/SecurityPolicy#None
[2026/07/14 21:00:42.514] ClientSer Session activated.
[2026/07/14 21:00:42.514] ClientSer Creating subscription using provided request.
[2026/07/14 21:00:42.515] ClientSer Subscription 1 created.
[2026/07/14 21:00:42.515] ClientSer Adding publish token.
[2026/07/14 21:00:42.515] ClientSer Adding publish token.
[2026/07/14 21:00:42.515] ClientSer Adding publish token.
[2026/07/14 21:00:43.013] ClientSer PublishResponse received.
[2026/07/14 21:00:43.014] ClientSer Adding publish token.
[2026/07/14 21:00:43.513] ClientSer PublishResponse received.
[2026/07/14 21:00:43.513] ClientSer Adding publish token.
[2026/07/14 21:00:44.013] ClientSer PublishResponse received.
[2026/07/14 21:00:44.013] ClientSer Adding publish token.
[2026/07/14 21:00:44.513] ClientSer PublishResponse received.
[2026/07/14 21:00:44.513] ClientSer Adding publish token.
[2026/07/14 21:00:45.013] ClientSer PublishResponse received.
[2026/07/14 21:00:45.013] ClientSer Adding publish token.
[2026/07/14 21:00:45.513] ClientSer PublishResponse received.
[2026/07/14 21:00:45.513] ClientSer Adding publish token.
[2026/07/14 21:00:46.013] ClientSer PublishResponse received.
[2026/07/14 21:00:46.013] ClientSer Adding publish token.
[2026/07/14 21:00:46.513] ClientSer PublishResponse received.
[2026/07/14 21:00:46.513] ClientSer Adding publish token.
[2026/07/14 21:00:47.013] ClientSer PublishResponse received.
[2026/07/14 21:00:47.013] ClientSer Adding publish token.
[2026/07/14 21:00:47.513] ClientSer PublishResponse received.
[2026/07/14 21:00:47.513] ClientSer Adding publish token.
[2026/07/14 21:00:48.013] ClientSer PublishResponse received.
[2026/07/14 21:00:48.013] ClientSer Adding publish token.
